interactions:
- request:
    body: '{}'
    headers:
      Accept:
      - application/json
      Accept-Encoding:
      - gzip, deflate
      Connection:
      - keep-alive
      Content-Length:
      - '2'
      Content-Type:
      - application/json
      Date:
      - Fri, 10 Dec 2021 10:03:23 GMT
      User-Agent:
      - azsdk-python-communication-identity/1.0.1 Python/3.10.0 (Windows-10-10.0.22000-SP0)
      x-ms-date:
      - Wed, 29 Dec 2021 12:41:29 GMT
      x-ms-return-client-request-id:
      - 'true'
    method: POST
    uri: https://sanitized.communication.azure.com/identities?api-version=2021-03-07
  response:
    body:
      string: '{"identity": "sanitized"}'
    headers:
      api-supported-versions:
      - 2020-07-20-preview2, 2021-02-22-preview1, 2021-03-07, 2021-03-31-preview1,
        2021-10-31-preview, 2021-11-01
      content-length:
      - '101'
      content-type:
      - application/json; charset=utf-8
      date:
      - Wed, 29 Dec 2021 12:41:28 GMT
      ms-cv:
      - Nc3armFUgEebNvR+N/70Xw.2.0
      request-context:
      - appId=
      strict-transport-security:
      - max-age=2592000
      x-cache:
      - CONFIG_NOCACHE
      x-processing-time:
      - 24ms
    status:
      code: 201
      message: Created
- request:
    body: '{}'
    headers:
      Accept:
      - application/json
      Accept-Encoding:
      - gzip, deflate
      Connection:
      - keep-alive
      Content-Length:
      - '2'
      Content-Type:
      - application/json
      Date:
      - Fri, 10 Dec 2021 10:03:25 GMT
      User-Agent:
      - azsdk-python-communication-identity/1.0.1 Python/3.10.0 (Windows-10-10.0.22000-SP0)
      x-ms-date:
      - Wed, 29 Dec 2021 12:41:30 GMT
      x-ms-return-client-request-id:
      - 'true'
    method: POST
    uri: https://sanitized.communication.azure.com/identities?api-version=2021-03-07
  response:
    body:
      string: '{"identity": "sanitized"}'
    headers:
      api-supported-versions:
      - 2020-07-20-preview2, 2021-02-22-preview1, 2021-03-07, 2021-03-31-preview1,
        2021-10-31-preview, 2021-11-01
      content-length:
      - '101'
      content-type:
      - application/json; charset=utf-8
      date:
      - Wed, 29 Dec 2021 12:41:29 GMT
      ms-cv:
      - D/UceMEV40KlUY4q45thaQ.2.0
      request-context:
      - appId=
      strict-transport-security:
      - max-age=2592000
      x-cache:
      - CONFIG_NOCACHE
      x-processing-time:
      - 23ms
    status:
      code: 201
      message: Created
- request:
    body: '{"callLocator": {"serverCallId": "sanitized", "kind": "serverCallLocator"},
      "recordingStateCallbackUri": "https://bot.contoso.io/callback"}'
    headers:
      Accept:
      - application/json
      Accept-Encoding:
      - gzip, deflate
      Connection:
      - keep-alive
      Content-Length:
      - '166'
      Content-Type:
      - application/json
      User-Agent:
      - azsdk-python-communication-callingserver/1.0.0b1 Python/3.10.0 (Windows-10-10.0.22000-SP0)
      x-ms-host:
      - acs-app-validations.communication.azure.com
    method: POST
    uri: https://sanitized.communication.azure.com/calling/recordings?api-version=2021-11-15-preview
  response:
    body:
      string: '{"error": {"code": "8527", "message": "Invalid join identity, cannot
        join call."}}'
    headers:
      content-length:
      - '78'
      content-type:
      - application/json; charset=utf-8
      date:
      - Wed, 29 Dec 2021 12:41:32 GMT
      x-cache:
      - CONFIG_NOCACHE
      x-microsoft-skype-chain-id:
      - 5339b1ab-fac5-4534-9df2-3e7b094763a0
    status:
      code: 400
      message: Bad Request
version: 1
