interactions:
- request:
    body: '{}'
    headers:
      Accept:
      - application/json
      Accept-Encoding:
      - gzip, deflate
      Connection:
      - keep-alive
      Content-Length:
      - '2'
      Content-Type:
      - application/json
      User-Agent:
      - azsdk-python-communication-identity/1.0.1 Python/3.10.0 (Windows-10-10.0.22000-SP0)
      x-ms-date:
      - Mon, 20 Dec 2021 10:48:42 GMT
      x-ms-return-client-request-id:
      - 'true'
    method: POST
    uri: https://sanitized.communication.azure.com/identities?api-version=2021-03-07
  response:
    body:
      string: '{"identity": "sanitized"}'
    headers:
      api-supported-versions:
      - 2020-07-20-preview2, 2021-02-22-preview1, 2021-03-07, 2021-03-31-preview1,
        2021-10-31-preview, 2021-11-01
      content-length:
      - '101'
      content-type:
      - application/json; charset=utf-8
      date:
      - Mon, 20 Dec 2021 10:48:39 GMT
      ms-cv:
      - k39ll+A6okOAhknTmFZMbg.2.0
      request-context:
      - appId=
      strict-transport-security:
      - max-age=2592000
      x-cache:
      - CONFIG_NOCACHE
      x-processing-time:
      - 27ms
    status:
      code: 201
      message: Created
- request:
    body: '{}'
    headers:
      Accept:
      - application/json
      Accept-Encoding:
      - gzip, deflate
      Connection:
      - keep-alive
      Content-Length:
      - '2'
      Content-Type:
      - application/json
      User-Agent:
      - azsdk-python-communication-identity/1.0.1 Python/3.10.0 (Windows-10-10.0.22000-SP0)
      x-ms-date:
      - Mon, 20 Dec 2021 10:48:42 GMT
      x-ms-return-client-request-id:
      - 'true'
    method: POST
    uri: https://sanitized.communication.azure.com/identities?api-version=2021-03-07
  response:
    body:
      string: '{"identity": "sanitized"}'
    headers:
      api-supported-versions:
      - 2020-07-20-preview2, 2021-02-22-preview1, 2021-03-07, 2021-03-31-preview1,
        2021-10-31-preview, 2021-11-01
      content-length:
      - '101'
      content-type:
      - application/json; charset=utf-8
      date:
      - Mon, 20 Dec 2021 10:48:41 GMT
      ms-cv:
      - JGIOkGw7G0ukURMVrCsT7w.2.0
      request-context:
      - appId=
      strict-transport-security:
      - max-age=2592000
      x-cache:
      - CONFIG_NOCACHE
      x-processing-time:
      - 23ms
    status:
      code: 201
      message: Created
- request:
    body: '{"alternateCallerId": "sanitized", "targets": "sanitized", "source": "sanitized",
      "callbackUri": "sanitized", "requestedMediaTypes": ["audio"], "requestedCallEvents":
      ["participantsUpdated"]}'
    headers:
      Accept:
      - application/json
      Accept-Encoding:
      - gzip, deflate
      Connection:
      - keep-alive
      Content-Length:
      - '396'
      Content-Type:
      - application/json
      User-Agent:
      - azsdk-python-communication-callingserver/1.0.0b1 Python/3.10.0 (Windows-10-10.0.22000-SP0)
      x-ms-host:
      - acs-app-validations.communication.azure.com
    method: POST
    uri: https://sanitized.communication.azure.com/calling/callConnections?api-version=2021-11-15-preview
  response:
    body:
      string: '{"callConnectionId": "sanitized"}'
    headers:
      content-length:
      - '59'
      content-type:
      - application/json; charset=utf-8
      date:
      - Mon, 20 Dec 2021 10:48:42 GMT
      x-cache:
      - CONFIG_NOCACHE
      x-microsoft-skype-chain-id:
      - 42d13533-ab77-469c-b5de-ba5f8e192f74
    status:
      code: 201
      message: Created
- request:
    body: '{"participant": {"communicationUser": "sanitized"}}'
    headers:
      Accept:
      - application/json
      Accept-Encoding:
      - gzip, deflate
      Connection:
      - keep-alive
      Content-Length:
      - '129'
      Content-Type:
      - application/json
      User-Agent:
      - azsdk-python-communication-callingserver/1.0.0b1 Python/3.10.0 (Windows-10-10.0.22000-SP0)
      x-ms-host:
      - acs-app-validations.communication.azure.com
    method: POST
    uri: https://sanitized.communication.azure.com/calling/callConnections/sanitized/participants?api-version=2021-11-15-preview
  response:
    body:
      string: '{"operationId": "94efbe99-bcf7-40d7-9817-bac70616f76f", "status": "running"}'
    headers:
      content-length:
      - '73'
      content-type:
      - application/json; charset=utf-8
      date:
      - Mon, 20 Dec 2021 10:48:52 GMT
      x-cache:
      - CONFIG_NOCACHE
      x-microsoft-skype-chain-id:
      - 42d13533-ab77-469c-b5de-ba5f8e192f74
    status:
      code: 202
      message: Accepted
- request:
    body: '{"identifier": {"communicationUser": "sanitized"}, "audioFileUri": "https://dummy.ngrok.io/audio/sample-message.wav",
      "loop": true, "audioFileId": "12aee149-de7e-49a2-b0c2-b1ebb84ae406"}'
    headers:
      Accept:
      - application/json
      Accept-Encoding:
      - gzip, deflate
      Connection:
      - keep-alive
      Content-Length:
      - '277'
      Content-Type:
      - application/json
      User-Agent:
      - azsdk-python-communication-callingserver/1.0.0b1 Python/3.10.0 (Windows-10-10.0.22000-SP0)
      x-ms-host:
      - acs-app-validations.communication.azure.com
    method: POST
    uri: https://sanitized.communication.azure.com/calling/callConnections/sanitized/participants:playAudio?api-version=2021-11-15-preview
  response:
    body:
      string: '{"operationId": "c51f1300-9bf3-4a49-be43-79f2785b286d", "status": "running"}'
    headers:
      content-length:
      - '73'
      content-type:
      - application/json; charset=utf-8
      date:
      - Mon, 20 Dec 2021 10:49:05 GMT
      x-cache:
      - CONFIG_NOCACHE
      x-microsoft-skype-chain-id:
      - 42d13533-ab77-469c-b5de-ba5f8e192f74
    status:
      code: 202
      message: Accepted
- request:
    body: '{"identifier": {"communicationUser": "sanitized"}, "mediaOperationId":
      "c51f1300-9bf3-4a49-be43-79f2785b286d"}'
    headers:
      Accept:
      - application/json
      Accept-Encoding:
      - gzip, deflate
      Connection:
      - keep-alive
      Content-Length:
      - '188'
      Content-Type:
      - application/json
      User-Agent:
      - azsdk-python-communication-callingserver/1.0.0b1 Python/3.10.0 (Windows-10-10.0.22000-SP0)
      x-ms-host:
      - acs-app-validations.communication.azure.com
    method: POST
    uri: https://sanitized.communication.azure.com/calling/callConnections/sanitized/participants:cancelMediaOperation?api-version=2021-11-15-preview
  response:
    body:
      string: '{"error": {"code": "8523", "message": "Participant not being played
        audio."}}'
    headers:
      content-length:
      - '73'
      content-type:
      - application/json; charset=utf-8
      date:
      - Mon, 20 Dec 2021 10:49:14 GMT
      x-cache:
      - CONFIG_NOCACHE
      x-microsoft-skype-chain-id:
      - 42d13533-ab77-469c-b5de-ba5f8e192f74
    status:
      code: 400
      message: Bad Request
- request:
    body: null
    headers:
      Accept:
      - application/json
      Accept-Encoding:
      - gzip, deflate
      Connection:
      - keep-alive
      Content-Length:
      - '0'
      User-Agent:
      - azsdk-python-communication-callingserver/1.0.0b1 Python/3.10.0 (Windows-10-10.0.22000-SP0)
      x-ms-host:
      - acs-app-validations.communication.azure.com
    method: POST
    uri: https://sanitized.communication.azure.com/calling/callConnections/sanitized/:hangup?api-version=2021-11-15-preview
  response:
    body:
      string: ''
    headers:
      content-length:
      - '0'
      date:
      - Mon, 20 Dec 2021 10:49:14 GMT
      x-cache:
      - CONFIG_NOCACHE
      x-microsoft-skype-chain-id:
      - 42d13533-ab77-469c-b5de-ba5f8e192f74
    status:
      code: 202
      message: Accepted
version: 1
